.. geschichte/Der Kommandant: 30800
.. geschichte/Wissen ist Macht: 4440
.. geschichte/NZZ Format: 98400
.. geschichte/sambo2z: 834
.. geschichte/Timeline Deutschland: 184000
.. geschichte/Das Stille Archiv: 2800
.. wissenschaft/Dinge Erklärt – Kurzgesagt: 2650000
.. wissenschaft/Späte Wissenschaft: 7670
.. wissenschaft/Entropy - Wissenschaft Schnell Erklärt: 146000
.. wissenschaft/MYSTIC GAIA: 6570
.. wissenschaft/TopFakten: 14000
.. wissenschaft/Feynman  Klare Wissenschaft: 3850
.. truecrime/Deutschlands spektakulärste Kriminalfälle: 28700
.. truecrime/Real Crime Deutschland: 92400
.. truecrime/Up Close - Deutschland: 33800
.. truecrime/HörspielTV Deutsch 2026: 1960
.. truecrime/TLC Crime: 159000
.. truecrime/XL True Crime: 30200
.. technik_geld/Wissenschaftlich Investieren: 87300
.. technik_geld/FINANZFOKUS: 169000
.. technik_geld/iKnowReview: 624000
.. technik_geld/{ungeskriptet} by Ben: 1070000
.. technik_geld/Galileo: 3330000
.. technik_geld/Motorsport-Magazin: 276000
.. lost_places/PJ Adventure - Paul Schridde: 655000
.. lost_places/roofless TV: 529000
.. lost_places/Dennis Koenig: 439000
.. lost_places/Verstecktes Deutschland: 5960
.. lost_places/Lost Places Discovery: 137000
.. lost_places/Lost Places Discovery and J&P EXPLORATIONS: ?
